// Code generated by protoc-gen-go. DO NOT EDIT.
// source: mode/echo.proto

/*
Package mode_test is a generated protocol buffer package.

It is generated from these files:
	mode/echo.proto

It has these top-level messages:
	EchoRequest
	EchoResponse
*/
package mode_test

import proto "github.com/golang/protobuf/proto"
import fmt "fmt"
import math "math"

import (
	context "golang.org/x/net/context"
	grpc "google.golang.org/grpc"
)

// Reference imports to suppress errors if they are not otherwise used.
var _ = proto.Marshal
var _ = fmt.Errorf
var _ = math.Inf

// This is a compile-time assertion to ensure that this generated file
// is compatible with the proto package it is being compiled against.
// A compilation error at this line likely means your copy of the
// proto package needs to be updated.
const _ = proto.ProtoPackageIsVersion2 // please upgrade the proto package

type EchoRequest struct {
	Input string `protobuf:"bytes,1,opt,name=input" json:"input,omitempty"`
}

func (m *EchoRequest) Reset()                    { *m = EchoRequest{} }
func (m *EchoRequest) String() string            { return proto.CompactTextString(m) }
func (*EchoRequest) ProtoMessage()               {}
func (*EchoRequest) Descriptor() ([]byte, []int) { return fileDescriptor0, []int{0} }

func (m *EchoRequest) GetInput() string {
	if m != nil {
		return m.Input
	}
	return ""
}

type EchoResponse struct {
	Response string `protobuf:"bytes,1,opt,name=response" json:"response,omitempty"`
}

func (m *EchoResponse) Reset()                    { *m = EchoResponse{} }
func (m *EchoResponse) String() string            { return proto.CompactTextString(m) }
func (*EchoResponse) ProtoMessage()               {}
func (*EchoResponse) Descriptor() ([]byte, []int) { return fileDescriptor0, []int{1} }

func (m *EchoResponse) GetResponse() string {
	if m != nil {
		return m.Response
	}
	return ""
}

func init() {
	proto.RegisterType((*EchoRequest)(nil), "mode.test.EchoRequest")
	proto.RegisterType((*EchoResponse)(nil), "mode.test.EchoResponse")
}

// Reference imports to suppress errors if they are not otherwise used.
var _ context.Context
var _ grpc.ClientConn

// This is a compile-time assertion to ensure that this generated file
// is compatible with the grpc package it is being compiled against.
const _ = grpc.SupportPackageIsVersion4

// Server API for Echo service

type EchoServer interface {
	Execute(context.Context, *EchoRequest) (*EchoResponse, error)
}

func RegisterEchoServer(s *grpc.Server, srv EchoServer) {
	s.RegisterService(&_Echo_serviceDesc, srv)
}

func _Echo_Execute_Handler(srv interface{}, ctx context.Context, dec func(interface{}) error, interceptor grpc.UnaryServerInterceptor) (interface{}, error) {
	in := new(EchoRequest)
	if err := dec(in); err != nil {
		return nil, err
	}
	if interceptor == nil {
		return srv.(EchoServer).Execute(ctx, in)
	}
	info := &grpc.UnaryServerInfo{
		Server:     srv,
		FullMethod: "/mode.test.Echo/Execute",
	}
	handler := func(ctx context.Context, req interface{}) (interface{}, error) {
		return srv.(EchoServer).Execute(ctx, req.(*EchoRequest))
	}
	return interceptor(ctx, in, info, handler)
}

var _Echo_serviceDesc = grpc.ServiceDesc{
	ServiceName: "mode.test.Echo",
	HandlerType: (*EchoServer)(nil),
	Methods: []grpc.MethodDesc{
		{
			MethodName: "Execute",
			Handler:    _Echo_Execute_Handler,
		},
	},
	Streams:  []grpc.StreamDesc{},
	Metadata: "mode/echo.proto",
}

func init() { proto.RegisterFile("mode/echo.proto", fileDescriptor0) }

var fileDescriptor0 = []byte{
	// 144 bytes of a gzipped FileDescriptorProto
	0x1f, 0x8b, 0x08, 0x00, 0x00, 0x00, 0x00, 0x00, 0x02, 0xff, 0xe2, 0xe2, 0xcf, 0xcd, 0x4f, 0x49,
	0xd5, 0x4f, 0x4d, 0xce, 0xc8, 0xd7, 0x2b, 0x28, 0xca, 0x2f, 0xc9, 0x17, 0xe2, 0x04, 0x09, 0xe8,
	0x95, 0xa4, 0x16, 0x97, 0x28, 0x29, 0x73, 0x71, 0xbb, 0x26, 0x67, 0xe4, 0x07, 0xa5, 0x16, 0x96,
	0xa6, 0x16, 0x97, 0x08, 0x89, 0x70, 0xb1, 0x66, 0xe6, 0x15, 0x94, 0x96, 0x48, 0x30, 0x2a, 0x30,
	0x6a, 0x70, 0x06, 0x41, 0x38, 0x4a, 0x5a, 0x5c, 0x3c, 0x10, 0x45, 0xc5, 0x05, 0xf9, 0x79, 0xc5,
	0xa9, 0x42, 0x52, 0x5c, 0x1c, 0x45, 0x50, 0x36, 0x54, 0x21, 0x9c, 0x6f, 0xe4, 0xc2, 0xc5, 0x02,
	0x52, 0x2b, 0x64, 0xc3, 0xc5, 0xee, 0x5a, 0x91, 0x9a, 0x5c, 0x5a, 0x92, 0x2a, 0x24, 0xa6, 0x07,
	0xb7, 0x4f, 0x0f, 0xc9, 0x32, 0x29, 0x71, 0x0c, 0x71, 0x88, 0x19, 0x4a, 0x0c, 0x49, 0x6c, 0x60,
	0x87, 0x1a, 0x03, 0x02, 0x00, 0x00, 0xff, 0xff, 0x47, 0x7d, 0x12, 0x84, 0xbb, 0x00, 0x00, 0x00,
}
